// Jest Snapshot v1, https://goo.gl/fbAQLP

exports[`renders correctly 1`] = `
<div
  className="di my1 mr3"
>
  <label>
    
  </label>
  <label
    className="slider-container relative dib mx2 w3 h2"
  >
    <input
      className="dn"
      onChange={[Function]}
      type="checkbox"
    />
    <span
      className="slider absolute cursor-pointer top-0 left-0 right-0 bottom-0 color-bg-grey-3 br3"
    />
  </label>
</div>
`;
